// Jest Snapshot v1, https://goo.gl/fbAQLP

exports[`chat view can show existing chat messages 1`] = `
<div>
  <header>
    <h1>
      Exam chat
    </h1>
  </header>
  <main>
    <h2>
      Start Chating
    </h2>
    <div>
      Welcome 
      Myself
    </div>
    <div
      class="chatLog"
    >
      <div
        class="message"
      >
        <strong>
          User 1
          :
        </strong>
         
        Hello
      </div>
      <div
        class="message"
      >
        <strong>
          User 2
          :
        </strong>
         
        Welcome, User 1
      </div>
    </div>
  </main>
  <footer>
    <form>
      <input
        value=""
      />
      <button>
        Send
      </button>
    </form>
  </footer>
</div>
`;
